// Jest Snapshot v1, https://goo.gl/fbAQLP

exports[`Card Distrubitor component tests should render 1`] = `ShallowWrapper {}`;
