// Jest Snapshot v1, https://goo.gl/fbAQLP

exports[`Card Distrubitor component tests should render the card holder component 1`] = `ShallowWrapper {}`;
