// Jest Snapshot v1, https://goo.gl/fbAQLP

exports[`Card component test should render 1`] = `ShallowWrapper {}`;
