// Jest Snapshot v1, https://goo.gl/fbAQLP

exports[`GoBack component test should render 1`] = `ShallowWrapper {}`;
