// Jest Snapshot v1, https://goo.gl/fbAQLP

exports[`Time Up Counter component test should render 1`] = `ShallowWrapper {}`;
