// Jest Snapshot v1, https://goo.gl/fbAQLP

exports[`Game Page tests should render 1`] = `ShallowWrapper {}`;
