// Jest Snapshot v1, https://goo.gl/fbAQLP

exports[`App test should render App 1`] = `ShallowWrapper {}`;
